200 357464 Ficha-Fanzi-Mix.pdf https://neuronecosmetica.com/wp-content/uploads/2023/03/Ficha-Fanzi-Mix.pdf
200 1514643 Ficha-Alizzanti-6.pdf https://neuronecosmetica.com/wp-content/uploads/2024/10/Ficha-Alizzanti-6.pdf
200 668866 FT-1025-Alizzanti-3.pdf https://neuronecosmetica.com/wp-content/uploads/2025/10/FT-1025-Alizzanti-3.pdf
200 681392 FT1025-Capissen-Sh.pdf https://neuronecosmetica.com/wp-content/uploads/2025/10/FT1025-Capissen-Sh.pdf
200 939637 FT1025-Controller-3.pdf https://neuronecosmetica.com/wp-content/uploads/2025/10/FT1025-Controller-3.pdf
200 900788 FT1025-Density-Proff.pdf https://neuronecosmetica.com/wp-content/uploads/2025/10/FT1025-Density-Proff.pdf
200 891914 FT1025-Depura-Sh.pdf https://neuronecosmetica.com/wp-content/uploads/2025/10/FT1025-Depura-Sh.pdf
200 963160 FT1025-Dherma-Roller.pdf https://neuronecosmetica.com/wp-content/uploads/2025/10/FT1025-Dherma-Roller.pdf
200 827810 FT1025-Dy-Fazza-Color-3.pdf https://neuronecosmetica.com/wp-content/uploads/2025/10/FT1025-Dy-Fazza-Color-3.pdf
200 804013 FT1025-Dy-Fazza.pdf https://neuronecosmetica.com/wp-content/uploads/2025/10/FT1025-Dy-Fazza.pdf
200 779795 FT1025-Dyfensor-SERUM.pdf https://neuronecosmetica.com/wp-content/uploads/2025/10/FT1025-Dyfensor-SERUM.pdf
200 814737 FT1025-Dyfensor-SH.pdf https://neuronecosmetica.com/wp-content/uploads/2025/10/FT1025-Dyfensor-SH.pdf
200 928037 FT1025-Firmer-Gel.pdf https://neuronecosmetica.com/wp-content/uploads/2025/10/FT1025-Firmer-Gel.pdf
200 927033 FT1025-Geometry-Cream.pdf https://neuronecosmetica.com/wp-content/uploads/2025/10/FT1025-Geometry-Cream.pdf
200 948175 FT1025-Geometry-Gel.pdf https://neuronecosmetica.com/wp-content/uploads/2025/10/FT1025-Geometry-Gel.pdf
200 905509 FT1025-Green-100.pdf https://neuronecosmetica.com/wp-content/uploads/2025/10/FT1025-Green-100.pdf
200 914974 FT1025-Humit-Mask.pdf https://neuronecosmetica.com/wp-content/uploads/2025/10/FT1025-Humit-Mask.pdf
200 913318 FT1025-Humit-SH.pdf https://neuronecosmetica.com/wp-content/uploads/2025/10/FT1025-Humit-SH.pdf
200 807881 FT1025-Kerasin-Leavein.pdf https://neuronecosmetica.com/wp-content/uploads/2025/10/FT1025-Kerasin-Leavein.pdf
200 908885 FT1025-Kerasin-Mask.pdf https://neuronecosmetica.com/wp-content/uploads/2025/10/FT1025-Kerasin-Mask.pdf
200 937942 FT1025-Kerasin-SH.pdf https://neuronecosmetica.com/wp-content/uploads/2025/10/FT1025-Kerasin-SH.pdf
200 927005 FT1025-LINEARE.pdf https://neuronecosmetica.com/wp-content/uploads/2025/10/FT1025-LINEARE.pdf
200 928636 FT1025-Lisothermic.pdf https://neuronecosmetica.com/wp-content/uploads/2025/10/FT1025-Lisothermic.pdf
200 946379 FT1025-Lycra-web.pdf https://neuronecosmetica.com/wp-content/uploads/2025/10/FT1025-Lycra-web.pdf
200 894941 FT1025-Menthol-Ice-2.pdf https://neuronecosmetica.com/wp-content/uploads/2025/10/FT1025-Menthol-Ice-2.pdf
200 953368 FT1025-Molding-Toner.pdf https://neuronecosmetica.com/wp-content/uploads/2025/10/FT1025-Molding-Toner.pdf
200 895051 FT1025-Neurona-Gloss.pdf https://neuronecosmetica.com/wp-content/uploads/2025/10/FT1025-Neurona-Gloss.pdf
200 1087208 FT1025-Neuroxide.pdf https://neuronecosmetica.com/wp-content/uploads/2025/10/FT1025-Neuroxide.pdf
200 587256 FT1025-Plattina-SH.pdf https://neuronecosmetica.com/wp-content/uploads/2025/10/FT1025-Plattina-SH.pdf
200 1096621 FT1025-Plattina-White.pdf https://neuronecosmetica.com/wp-content/uploads/2025/10/FT1025-Plattina-White.pdf
200 974687 FT1025-Pro-Filus.pdf https://neuronecosmetica.com/wp-content/uploads/2025/10/FT1025-Pro-Filus.pdf
200 1300791 FT1025-Regress.pdf https://neuronecosmetica.com/wp-content/uploads/2025/10/FT1025-Regress.pdf
200 798154 FT1025-Resplander-Shine.pdf https://neuronecosmetica.com/wp-content/uploads/2025/10/FT1025-Resplander-Shine.pdf
200 834307 FT1025-Total-Violet-Mask.pdf https://neuronecosmetica.com/wp-content/uploads/2025/10/FT1025-Total-Violet-Mask.pdf
200 810212 FT1025-Total-Violet-SH.pdf https://neuronecosmetica.com/wp-content/uploads/2025/10/FT1025-Total-Violet-SH.pdf
200 926754 FT1025-Velvety-Control.pdf https://neuronecosmetica.com/wp-content/uploads/2025/10/FT1025-Velvety-Control.pdf
200 877073 FT1025-Capissen-Lotion.pdf https://neuronecosmetica.com/wp-content/uploads/2025/11/FT1025-Capissen-Lotion.pdf
200 1344548 FT1025-Fanzi-Mix.pdf https://neuronecosmetica.com/wp-content/uploads/2025/11/FT1025-Fanzi-Mix.pdf
200 820612 FT1025-Firmer-Mist.pdf https://neuronecosmetica.com/wp-content/uploads/2025/11/FT1025-Firmer-Mist.pdf
200 917224 FT1025-Hyaloneurine.pdf https://neuronecosmetica.com/wp-content/uploads/2025/11/FT1025-Hyaloneurine.pdf
200 887403 FT1025-Melanin-AntiG.pdf https://neuronecosmetica.com/wp-content/uploads/2025/11/FT1025-Melanin-AntiG.pdf
200 1191791 FT1025-Neurone-Color.pdf https://neuronecosmetica.com/wp-content/uploads/2025/11/FT1025-Neurone-Color.pdf
200 819091 FT1025-Thermo-Dual.pdf https://neuronecosmetica.com/wp-content/uploads/2025/11/FT1025-Thermo-Dual.pdf
200 902414 FT1025-Total-Violet-Ink.pdf https://neuronecosmetica.com/wp-content/uploads/2025/11/FT1025-Total-Violet-Ink.pdf
200 1099141 FT1025-Revenant-Color.pdf https://neuronecosmetica.com/wp-content/uploads/2026/01/FT1025-Revenant-Color.pdf.pdf
